Type-safe project accessors is an incubating feature.

> Configure project :composeApp
w: The 'org.jetbrains.kotlin.multiplatform' plugin deprecated compatibility with Android Gradle plugin: 'com.android.application'
The 'org.jetbrains.kotlin.multiplatform' plugin will not be compatible with 'com.android.application' starting with Android Gradle Plugin 9.0.0.

Please change the structure of the your project and move the usage of 'com.android.application' into a separate subproject. The new subproject should add a dependency on this KMP subproject.

Read more: https://kotl.in/kmp-project-structure-migration
Solution:
Please change the structure of your project and move the usage of 'com.android.application' into a separate subproject.
See https://kotl.in/gradle/agp-new-kmp for more details.


> Configure project :shared
w: The 'org.jetbrains.kotlin.multiplatform' plugin deprecated compatibility with Android Gradle plugin: 'com.android.library'
The 'org.jetbrains.kotlin.multiplatform' plugin will not be compatible with 'com.android.library' starting with Android Gradle Plugin 9.0.0.
Solution:
Please use the 'com.android.kotlin.multiplatform.library' plugin instead of 'com.android.library'.
See https://kotl.in/gradle/agp-new-kmp for more details.


> Task :composeApp:kmpPartiallyResolvedDependenciesChecker
> Task :composeApp:checkKotlinGradlePluginConfigurationErrors SKIPPED
> Task :composeApp:convertXmlValueResourcesForCommonMain NO-SOURCE
> Task :composeApp:copyNonXmlValueResourcesForCommonMain UP-TO-DATE
> Task :composeApp:prepareComposeResourcesTaskForCommonMain UP-TO-DATE
> Task :composeApp:generateResourceAccessorsForCommonMain UP-TO-DATE
> Task :composeApp:convertXmlValueResourcesForJvmMain NO-SOURCE
> Task :composeApp:copyNonXmlValueResourcesForJvmMain NO-SOURCE
> Task :composeApp:prepareComposeResourcesTaskForJvmMain NO-SOURCE
> Task :composeApp:generateResourceAccessorsForJvmMain NO-SOURCE
> Task :composeApp:generateActualResourceCollectorsForJvmMain UP-TO-DATE
> Task :composeApp:generateComposeResClass UP-TO-DATE
> Task :composeApp:generateExpectResourceCollectorsForCommonMain UP-TO-DATE
> Task :shared:kmpPartiallyResolvedDependenciesChecker
> Task :shared:checkKotlinGradlePluginConfigurationErrors SKIPPED
> Task :shared:compileKotlinJvm UP-TO-DATE
> Task :shared:compileJvmMainJava NO-SOURCE
> Task :shared:jvmProcessResources NO-SOURCE
> Task :shared:processJvmMainResources SKIPPED
> Task :shared:jvmMainClasses UP-TO-DATE
> Task :shared:jvmJar UP-TO-DATE

> Task :composeApp:compileKotlinJvm FAILED
.\gradlew.bat : e: file:///C:/Users/eshwar/OneDrive/Desktop/Invoice%20Project/composeApp/src/commonMain/kotlin/com/example/reconix/ui/screens/FinanceDashboard.kt:103:9 Unresolved reference 'FinanceDashboardHeader'.
At line:1 char:52
+ ... th'] = 999; .\gradlew.bat :composeApp:compileKotlinJvm --no-configura ...
+                 ~~~~~~~~~~~~~~~~~~~~~~~~~~~~~~~~~~~~~~~~~~~~~~~~~~~~~~~~~
    + CategoryInfo          : NotSpecified: (e: file:///C:/U...shboardHeader'.:String) [], RemoteException
    + FullyQualifiedErrorId : NativeCommandError
 
e: file:///C:/Users/eshwar/OneDrive/Desktop/Invoice%20Project/composeApp/src/commonMain/kotlin/com/example/reconix/ui/screens/FinanceDashboard.kt:120:21 Unresolved reference 'MetricsSection'.
e: file:///C:/Users/eshwar/OneDrive/Desktop/Invoice%20Project/composeApp/src/commonMain/kotlin/com/example/reconix/ui/screens/FinanceDashboard.kt:125:21 Unresolved reference 'MatchRateCard'.
e: file:///C:/Users/eshwar/OneDrive/Desktop/Invoice%20Project/composeApp/src/commonMain/kotlin/com/example/reconix/ui/screens/FinanceDashboard.kt:144:21 Unresolved reference 'FinanceInvoiceCard'.
e: file:///C:/Users/eshwar/OneDrive/Desktop/Invoice%20Project/composeApp/src/commonMain/kotlin/com/example/reconix/ui/screens/FinanceDashboard.kt:156:18 'fun Modifier.align(alignment: Alignment): Modifier' cannot be called in this context with an implicit receiver. Use an explicit receiver if necessary.
e: file:///C:/Users/eshwar/OneDrive/Desktop/Invoice%20Project/composeApp/src/commonMain/kotlin/com/example/reconix/ui/screens/FinanceDashboard.kt:172:18 'fun Modifier.align(alignment: Alignment): Modifier' cannot be called in this context with an implicit receiver. Use an explicit receiver if necessary.
e: file:///C:/Users/eshwar/OneDrive/Desktop/Invoice%20Project/composeApp/src/commonMain/kotlin/com/example/reconix/ui/screens/FinanceDashboard.kt:202:1 Modifier 'private' is not applicable to 'local function'.
e: file:///C:/Users/eshwar/OneDrive/Desktop/Invoice%20Project/composeApp/src/commonMain/kotlin/com/example/reconix/ui/screens/FinanceDashboard.kt:242:1 Modifier 'private' is not applicable to 'local function'.
e: file:///C:/Users/eshwar/OneDrive/Desktop/Invoice%20Project/composeApp/src/commonMain/kotlin/com/example/reconix/ui/screens/FinanceDashboard.kt:261:13 Unresolved reference 'MetricCard'.
e: file:///C:/Users/eshwar/OneDrive/Desktop/Invoice%20Project/composeApp/src/commonMain/kotlin/com/example/reconix/ui/screens/FinanceDashboard.kt:270:13 Unresolved reference 'MetricCard'.
e: file:///C:/Users/eshwar/OneDrive/Desktop/Invoice%20Project/composeApp/src/commonMain/kotlin/com/example/reconix/ui/screens/FinanceDashboard.kt:284:13 Unresolved reference 'MetricCard'.
e: file:///C:/Users/eshwar/OneDrive/Desktop/Invoice%20Project/composeApp/src/commonMain/kotlin/com/example/reconix/ui/screens/FinanceDashboard.kt:293:13 Unresolved reference 'MetricCard'.
e: file:///C:/Users/eshwar/OneDrive/Desktop/Invoice%20Project/composeApp/src/commonMain/kotlin/com/example/reconix/ui/screens/FinanceDashboard.kt:306:1 Modifier 'private' is not applicable to 'local function'.
e: file:///C:/Users/eshwar/OneDrive/Desktop/Invoice%20Project/composeApp/src/commonMain/kotlin/com/example/reconix/ui/screens/FinanceDashboard.kt:371:1 Modifier 'private' is not applicable to 'local function'.
e: file:///C:/Users/eshwar/OneDrive/Desktop/Invoice%20Project/composeApp/src/commonMain/kotlin/com/example/reconix/ui/screens/FinanceDashboard.kt:400:17 Unresolved reference 'MatchRateBar'.
e: file:///C:/Users/eshwar/OneDrive/Desktop/Invoice%20Project/composeApp/src/commonMain/kotlin/com/example/reconix/ui/screens/FinanceDashboard.kt:406:17 Unresolved reference 'MatchRateBar'.
e: file:///C:/Users/eshwar/OneDrive/Desktop/Invoice%20Project/composeApp/src/commonMain/kotlin/com/example/reconix/ui/screens/FinanceDashboard.kt:439:1 Modifier 'private' is not applicable to 'local function'.
e: file:///C:/Users/eshwar/OneDrive/Desktop/Invoice%20Project/composeApp/src/commonMain/kotlin/com/example/reconix/ui/screens/FinanceDashboard.kt:476:1 Modifier 'private' is not applicable to 'local function'.
e: file:///C:/Users/eshwar/OneDrive/Desktop/Invoice%20Project/composeApp/src/commonMain/kotlin/com/example/reconix/ui/screens/FinanceDashboard.kt:571:2 Syntax error: Expecting '}'.
e: file:///C:/Users/eshwar/OneDrive/Desktop/Invoice%20Project/composeApp/src/commonMain/kotlin/com/example/reconix/ui/screens/InvoiceUploadScreen.kt:434:52 Smart cast to 'String' is impossible, because 'detectedPoNumber' is a public API property declared in different module.
e: file:///C:/Users/eshwar/OneDrive/Desktop/Invoice%20Project/composeApp/src/commonMain/kotlin/com/example/reconix/ui/screens/InvoiceUploadScreen.kt:437:46 Smart cast to 'String' is impossible, because 'vendorName' is a public API property declared in different module.

[Incubating] Problems report is available at: file:///C:/Users/eshwar/OneDrive/Desktop/Invoice%20Project/build/reports/problems/problems-report.html

FAILURE: Build failed with an exception.

* What went wrong:
Execution failed for task ':composeApp:compileKotlinJvm'.
> A failure occurred while executing org.jetbrains.kotlin.compilerRunner.GradleCompilerRunnerWithWorkers$GradleKotlinCompilerWorkAction
   > Compilation error. See log for more details

* Try:
> Run with --stacktrace option to get the stack trace.
> Run with --info or --debug option to get more log output.
> Run with --scan to get full insights.
> Get more help at https://help.gradle.org.

BUILD FAILED in 5s
11 actionable tasks: 3 executed, 8 up-to-date
