Type-safe project accessors is an incubating feature.

> Configure project :composeApp
w: The 'org.jetbrains.kotlin.multiplatform' plugin deprecated compatibility with Android Gradle plugin: 'com.android.application'
The 'org.jetbrains.kotlin.multiplatform' plugin will not be compatible with 'com.android.application' starting with Android Gradle Plugin 9.0.0.

Please change the structure of the your project and move the usage of 'com.android.application' into a separate subproject. The new subproject should add a dependency on this KMP subproject.

Read more: https://kotl.in/kmp-project-structure-migration
Solution:
Please change the structure of your project and move the usage of 'com.android.application' into a separate subproject.
See https://kotl.in/gradle/agp-new-kmp for more details.


> Configure project :shared
w: The 'org.jetbrains.kotlin.multiplatform' plugin deprecated compatibility with Android Gradle plugin: 'com.android.library'
The 'org.jetbrains.kotlin.multiplatform' plugin will not be compatible with 'com.android.library' starting with Android Gradle Plugin 9.0.0.
Solution:
Please use the 'com.android.kotlin.multiplatform.library' plugin instead of 'com.android.library'.
See https://kotl.in/gradle/agp-new-kmp for more details.


> Task :composeApp:kmpPartiallyResolvedDependenciesChecker
> Task :composeApp:checkKotlinGradlePluginConfigurationErrors SKIPPED
> Task :composeApp:convertXmlValueResourcesForCommonMain NO-SOURCE
> Task :composeApp:copyNonXmlValueResourcesForCommonMain UP-TO-DATE
> Task :composeApp:prepareComposeResourcesTaskForCommonMain UP-TO-DATE
> Task :composeApp:generateResourceAccessorsForCommonMain UP-TO-DATE
> Task :composeApp:convertXmlValueResourcesForJvmMain NO-SOURCE
> Task :composeApp:copyNonXmlValueResourcesForJvmMain NO-SOURCE
> Task :composeApp:prepareComposeResourcesTaskForJvmMain NO-SOURCE
> Task :composeApp:generateResourceAccessorsForJvmMain NO-SOURCE
> Task :composeApp:generateActualResourceCollectorsForJvmMain UP-TO-DATE
> Task :composeApp:generateComposeResClass UP-TO-DATE
> Task :composeApp:generateExpectResourceCollectorsForCommonMain UP-TO-DATE
> Task :shared:kmpPartiallyResolvedDependenciesChecker
> Task :shared:checkKotlinGradlePluginConfigurationErrors SKIPPED
> Task :shared:compileKotlinJvm UP-TO-DATE
> Task :shared:compileJvmMainJava NO-SOURCE
> Task :shared:jvmProcessResources NO-SOURCE
> Task :shared:processJvmMainResources SKIPPED
> Task :shared:jvmMainClasses UP-TO-DATE
> Task :shared:jvmJar UP-TO-DATE

> Task :composeApp:compileKotlinJvm
w: file:///C:/Users/eshwar/OneDrive/Desktop/Invoice%20Project/composeApp/src/commonMain/kotlin/com/example/reconix/ui/VendorDashboard.kt:207:61 'val Icons.Filled.ExitToApp: ImageVector' is deprecated. Use the AutoMirrored version at Icons.AutoMirrored.Filled.ExitToApp.
w: file:///C:/Users/eshwar/OneDrive/Desktop/Invoice%20Project/composeApp/src/commonMain/kotlin/com/example/reconix/ui/screens/CreatePOScreen.kt:373:44 'val Icons.Filled.Send: ImageVector' is deprecated. Use the AutoMirrored version at Icons.AutoMirrored.Filled.Send.
w: file:///C:/Users/eshwar/OneDrive/Desktop/Invoice%20Project/composeApp/src/commonMain/kotlin/com/example/reconix/ui/screens/FinanceDashboard.kt:233:49 'val Icons.Filled.ExitToApp: ImageVector' is deprecated. Use the AutoMirrored version at Icons.AutoMirrored.Filled.ExitToApp.
w: file:///C:/Users/eshwar/OneDrive/Desktop/Invoice%20Project/composeApp/src/commonMain/kotlin/com/example/reconix/ui/screens/ThreeWayMatchScreen.kt:196:49 'val Icons.Filled.ArrowBack: ImageVector' is deprecated. Use the AutoMirrored version at Icons.AutoMirrored.Filled.ArrowBack.

[Incubating] Problems report is available at: file:///C:/Users/eshwar/OneDrive/Desktop/Invoice%20Project/build/reports/problems/problems-report.html

BUILD SUCCESSFUL in 12s
11 actionable tasks: 3 executed, 8 up-to-date
